// Jest Snapshot v1, https://goo.gl/fbAQLP

exports[`Test Calculator test if Calculator really matches 1`] = `
<div
  className="Calculator-container"
>
  <h3
    className="Calculator-header"
  >
    Let\`s do some math!
  </h3>
  <section
    className="Calculator-part"
  >
    <div
      className="outPut"
      dir="rtl"
    >
      0
    </div>
    <ul
      className="buttons"
    >
      <button
        className="button"
        onClick={[Function]}
        type="button"
      >
        AC
      </button>
      <button
        className="button"
        onClick={[Function]}
        type="button"
      >
        +/-
      </button>
      <button
        className="button"
        onClick={[Function]}
        type="button"
      >
        %
      </button>
      <button
        className="button"
        onClick={[Function]}
        type="button"
      >
        รท
      </button>
      <button
        className="button"
        onClick={[Function]}
        type="button"
      >
        7
      </button>
      <button
        className="button"
        onClick={[Function]}
        type="button"
      >
        8
      </button>
      <button
        className="button"
        onClick={[Function]}
        type="button"
      >
        9
      </button>
      <button
        className="button"
        onClick={[Function]}
        type="button"
      >
        x
      </button>
      <button
        className="button"
        onClick={[Function]}
        type="button"
      >
        4
      </button>
      <button
        className="button"
        onClick={[Function]}
        type="button"
      >
        5
      </button>
      <button
        className="button"
        onClick={[Function]}
        type="button"
      >
        6
      </button>
      <button
        className="button"
        onClick={[Function]}
        type="button"
      >
        -
      </button>
      <button
        className="button"
        onClick={[Function]}
        type="button"
      >
        1
      </button>
      <button
        className="button"
        onClick={[Function]}
        type="button"
      >
        2
      </button>
      <button
        className="button"
        onClick={[Function]}
        type="button"
      >
        3
      </button>
      <button
        className="button"
        onClick={[Function]}
        type="button"
      >
        +
      </button>
      <button
        className="button"
        onClick={[Function]}
        type="button"
      >
        0
      </button>
      <button
        className="button"
        onClick={[Function]}
        type="button"
      >
        .
      </button>
      <button
        className="button"
        onClick={[Function]}
        type="button"
      >
        =
      </button>
    </ul>
  </section>
</div>
`;
